La posici√≥n final es de 15.00 m y la velocidad es de 3.200 km/h
